--- Testing API Keys ---
OPENROUTE_API_KEY: Present
IRCTC_API_KEY: Present
GEOAPIFY_API_KEY: Present
Testing Geoapify... Γ£à Working
Testing OpenRouteService... Γ£à Working
Testing IRCTC (RapidAPI)... Γ¥î Failed: 403
